// Jest Snapshot v1, https://goo.gl/fbAQLP

exports[`<InfiniteContainer /> Given that the initialLimit is used in the correct ways Given that the initialLimit is NOT used should render without the initialLimit 1`] = `
<div>
  <div>
    <div>
      <mockConstructor
        columns={2}
        id={0}
        key="0"
        title="Item 0"
      />
      <mockConstructor
        columns={2}
        id={1}
        key="1"
        title="Item 1"
      />
      <mockConstructor
        columns={2}
        id={2}
        key="2"
        title="Item 2"
      />
      <mockConstructor
        columns={2}
        id={3}
        key="3"
        title="Item 3"
      />
      <mockConstructor
        columns={2}
        id={4}
        key="4"
        title="Item 4"
      />
      <mockConstructor
        columns={2}
        id={5}
        key="5"
        title="Item 5"
      />
      <mockConstructor
        columns={2}
        id={6}
        key="6"
        title="Item 6"
      />
      <mockConstructor
        columns={2}
        id={7}
        key="7"
        title="Item 7"
      />
      <mockConstructor
        columns={2}
        id={8}
        key="8"
        title="Item 8"
      />
      <mockConstructor
        columns={2}
        id={9}
        key="9"
        title="Item 9"
      />
      <mockConstructor
        columns={2}
        id={10}
        key="10"
        title="Item 10"
      />
      <mockConstructor
        columns={2}
        id={11}
        key="11"
        title="Item 11"
      />
      <mockConstructor
        columns={2}
        id={12}
        key="12"
        title="Item 12"
      />
      <mockConstructor
        columns={2}
        id={13}
        key="13"
        title="Item 13"
      />
      <mockConstructor
        columns={2}
        id={14}
        key="14"
        title="Item 14"
      />
      <mockConstructor
        columns={2}
        id={15}
        key="15"
        title="Item 15"
      />
      <mockConstructor
        columns={2}
        id={16}
        key="16"
        title="Item 16"
      />
      <mockConstructor
        columns={2}
        id={17}
        key="17"
        title="Item 17"
      />
      <mockConstructor
        columns={2}
        id={18}
        key="18"
        title="Item 18"
      />
      <mockConstructor
        columns={2}
        id={19}
        key="19"
        title="Item 19"
      />
      <mockConstructor
        columns={2}
        id={20}
        key="20"
        title="Item 20"
      />
      <mockConstructor
        columns={2}
        id={21}
        key="21"
        title="Item 21"
      />
      <mockConstructor
        columns={2}
        id={22}
        key="22"
        title="Item 22"
      />
      <mockConstructor
        columns={2}
        id={23}
        key="23"
        title="Item 23"
      />
      <mockConstructor
        columns={2}
        id={24}
        key="24"
        title="Item 24"
      />
      <mockConstructor
        columns={2}
        id={25}
        key="25"
        title="Item 25"
      />
      <mockConstructor
        columns={2}
        id={26}
        key="26"
        title="Item 26"
      />
      <mockConstructor
        columns={2}
        id={27}
        key="27"
        title="Item 27"
      />
      <mockConstructor
        columns={2}
        id={28}
        key="28"
        title="Item 28"
      />
      <mockConstructor
        columns={2}
        id={29}
        key="29"
        title="Item 29"
      />
      <mockConstructor
        columns={2}
        id={30}
        key="30"
        title="Item 30"
      />
      <mockConstructor
        columns={2}
        id={31}
        key="31"
        title="Item 31"
      />
    </div>
  </div>
</div>
`;

exports[`<InfiniteContainer /> Given the component was mounted to the DOM should match snapshot 1`] = `
<div>
  <div>
    <div />
  </div>
</div>
`;
