// Jest Snapshot v1, https://goo.gl/fbAQLP

exports[`<Locations /> should not render if no locations have been passed 1`] = `<Locations />`;

exports[`<Locations /> should render locations 1`] = `
<Locations>
  <div
    className={
      Object {
        "data-css-1ykq7o9": "",
      }
    }
  >
    <Store
      key="1"
      store={
        Object {
          "code": 1,
          "name": "test1",
        }
      }
    />
    <Store
      key="2"
      store={
        Object {
          "code": 2,
          "name": "test2",
        }
      }
    />
  </div>
</Locations>
`;
