// Jest Snapshot v1, https://goo.gl/fbAQLP

exports[`<Store /> should handle the store selection 1`] = `
<div
  className={
    Object {
      "data-css-n58wjh": "",
    }
  }
  key="address"
>
  <div
    className={
      Object {
        "data-css-1ixep8k": "",
      }
    }
  >
    <div
      className={
        Object {
          "data-css-10jbyiq": "",
        }
      }
    />
    <div
      className={
        Object {
          "data-css-rw5zfw": "",
        }
      }
      onClick={[Function]}
      onKeyDown={[Function]}
      role="button"
      tabIndex={0}
    >
      <div
        className={
          Object {
            "data-css-1qlb3ci": "",
          }
        }
        data-test-id="store-name"
      >
        SomeStore
      </div>
      <Component
        hours={
          Object {
            "mon": "8:00am - 4:00pm",
          }
        }
      />
      <Component
        address={
          Object {
            "code": "address",
            "phoneNumber": "000-000-0000",
          }
        }
      />
      <Component
        location={
          Object {
            "storeName": "SomeStore",
            "visibleInventory": 10,
          }
        }
        showStoreName={false}
      />
    </div>
  </div>
  <Accordion
    handleLabel={null}
    renderLabel={[Function]}
    testId={null}
  >
    <Component
      hours={
        Object {
          "mon": "8:00am - 4:00pm",
        }
      }
    />
    <Component
      phone="000-000-0000"
    />
  </Accordion>
</div>
`;

exports[`<Store /> should not render if no store is passed 1`] = `""`;

exports[`<Store /> should render as expected 1`] = `
<div
  className={
    Object {
      "data-css-n58wjh": "",
    }
  }
  key="address"
>
  <div
    className={
      Object {
        "data-css-1ixep8k": "",
      }
    }
  >
    <div
      className={
        Object {
          "data-css-10jbyiq": "",
        }
      }
    />
    <div
      className={
        Object {
          "data-css-rw5zfw": "",
        }
      }
      onClick={[Function]}
      onKeyDown={[Function]}
      role="button"
      tabIndex={0}
    >
      <div
        className={
          Object {
            "data-css-1qlb3ci": "",
          }
        }
        data-test-id="store-name"
      >
        SomeStore
      </div>
      <Component
        hours={
          Object {
            "mon": "8:00am - 4:00pm",
          }
        }
      />
      <Component
        address={
          Object {
            "code": "address",
            "phoneNumber": "000-000-0000",
          }
        }
      />
      <Component
        location={
          Object {
            "storeName": "SomeStore",
            "visibleInventory": 10,
          }
        }
        showStoreName={false}
      />
    </div>
  </div>
  <Accordion
    handleLabel={null}
    renderLabel={[Function]}
    testId={null}
  >
    <Component
      hours={
        Object {
          "mon": "8:00am - 4:00pm",
        }
      }
    />
    <Component
      phone="000-000-0000"
    />
  </Accordion>
</div>
`;
