// Jest Snapshot v1, https://goo.gl/fbAQLP

exports[`<OpeningHours /> should not render hours that are empty 1`] = `
<div
  className={
    Object {
      "data-css-1xm8nj0": "",
    }
  }
>
  <div
    className={
      Object {
        "data-css-9shxm7": "",
      }
    }
    key="mon"
  >
    <div
      className={
        Object {
          "data-css-1ppc7ry": "",
        }
      }
    >
      product.location.mon
    </div>
    <div
      data-test-id="hours-mon"
    >
      8:00am - 4:00pm
    </div>
  </div>
  <div
    className={
      Object {
        "data-css-9shxm7": "",
      }
    }
    key="wen"
  >
    <div
      className={
        Object {
          "data-css-1ppc7ry": "",
        }
      }
    >
      product.location.wen
    </div>
    <div
      data-test-id="hours-wen"
    >
      8:00am - 8:00pm
    </div>
  </div>
</div>
`;

exports[`<OpeningHours /> should not render if no hours are passed 1`] = `""`;
