// Jest Snapshot v1, https://goo.gl/fbAQLP

exports[`engage > locations > actions-creators submitReservationError 1`] = `
Object {
  "errors": Array [
    "error1",
    "error2",
  ],
  "type": "SUBMIT_RESERVATION_ERROR",
}
`;
